[hari.azurewebsites.net/index.html]
[backblue.gif]
[fade.gif]
[index.html]
[hari.azurewebsites.net/img/favicon.png]
[hari.azurewebsites.net/lib/magnific-popup/magnific-popup.css]
[hari.azurewebsites.net/lib/owl-carousel/owl.carousel.css]
[hari.azurewebsites.net/lib/owl-carousel/owl.theme.css]
[hari.azurewebsites.net/js/modernizr.js]
[hari.azurewebsites.net/css/responsive.css]
[hari.azurewebsites.net/css/style.css]
[hari.azurewebsites.net/img/avatarme.png]
[hari.azurewebsites.net/resume.pdf]
[hari.azurewebsites.net/img/portfolio/thumb/p1.jpg]
[hari.azurewebsites.net/img/portfolio/p-1.png]
[hari.azurewebsites.net/img/portfolio/thumb/game.jpg]
[hari.azurewebsites.net/img/portfolio/gme.jpg]
[hari.azurewebsites.net/img/portfolio/thumb/p5.jpg]
[hari.azurewebsites.net/img/portfolio/p5.jpg]
[hari.azurewebsites.net/img/portfolio/thumb/ar.png]
[hari.azurewebsites.net/img/portfolio/ard.jpg]
[hari.azurewebsites.net/img/portfolio/thumb/iot.jpg]
[hari.azurewebsites.net/img/portfolio/pista.png]
[hari.azurewebsites.net/img/portfolio/thumb/pos.jpg]
[hari.azurewebsites.net/img/portfolio/posterpista.png]
[hari.azurewebsites.net/img/portfolio/thumb/p2.jpg]
[hari.azurewebsites.net/img/portfolio/p2.jpg]
[hari.azurewebsites.net/img/portfolio/thumb/p6.jpg]
[hari.azurewebsites.net/img/portfolio/p6.jpg]
[hari.azurewebsites.net/img/portfolio/thumb/id.jpg]
[hari.azurewebsites.net/img/portfolio/main.jpg]
[hari.azurewebsites.net/img/portfolio/thumb/p4.jpg]
[hari.azurewebsites.net/img/portfolio/p4.jpg]
[hari.azurewebsites.net/img/portfolio/thumb/p7.jpg]
[hari.azurewebsites.net/img/portfolio/p7.jpg]
[hari.azurewebsites.net/img/portfolio/thumb/p3.jpg]
[hari.azurewebsites.net/img/portfolio/p3.jpg]
[hari.azurewebsites.net/js/gmaps.js]
[hari.azurewebsites.net/js/jquery-2.1.1.js]
[hari.azurewebsites.net/lib/magnific-popup/jquery.magnific-popup.js]
[hari.azurewebsites.net/lib/owl-carousel/owl.carousel.min.js]
[hari.azurewebsites.net/lib/mixitup/jquery.mixitup.js]
[cdnjs.cloudflare.com/ajax/libs/Chart.js/0.2.0/Chart.min.js]
[hari.azurewebsites.net/js/scripts.js]
[hari.azurewebsites.net/index.html]
[hari.azurewebsites.net/lib/magnific-popup/magnific-popup.css]
[hari.azurewebsites.net/lib/owl-carousel/grabbing.png]
[hari.azurewebsites.net/lib/owl-carousel/owl.carousel.css]
[hari.azurewebsites.net/lib/owl-carousel/AjaxLoader.gif]
[hari.azurewebsites.net/lib/owl-carousel/owl.theme.css]
[maxcdn.bootstrapcdn.com/font-awesome/4.2.0/css/font-awesome.min.css]
[hari.azurewebsites.net/img/1.jpg]
[hari.azurewebsites.net/img/img-1-small.jpg]
[hari.azurewebsites.net/img/img-2-small.jpg]
[hari.azurewebsites.net/img/img-3-small.jpg]
[hari.azurewebsites.net/img/img-4-small.jpg]
[hari.azurewebsites.net/img/icons/close.png]
[hari.azurewebsites.net/img/icons/d.png]
[hari.azurewebsites.net/img/img-1-large.jpg]
[hari.azurewebsites.net/img/img-2-large.jpg]
[hari.azurewebsites.net/img/img-3-large.jpg]
[hari.azurewebsites.net/img/img-4-large.jpg]
[hari.azurewebsites.net/img/bg-4.jpg]
[hari.azurewebsites.net/img/bg-2.jpg]
[hari.azurewebsites.net/img/bg-22.jpg]
[hari.azurewebsites.net/img/icons/map-marker.png]
[hari.azurewebsites.net/css/style.css]
[hari.azurewebsites.net/css/responsive.css]
[hari.azurewebsites.net/js/modernizr.js]
[hari.azurewebsites.net/img/portfolio/thumb/iot.jpg]
[hari.azurewebsites.net/img/portfolio/posterpista.png]
[hari.azurewebsites.net/img/portfolio/main.jpg]
[hari.azurewebsites.net/img/icons/location-map.svg]
[hari.azurewebsites.net/img/icons/phone-icon.svg]
[hari.azurewebsites.net/img/icons/email-icon.svg]
[hari.azurewebsites.net/js/jquery-2.1.1.js]
[hari.azurewebsites.net/js/gmaps.js]
[hari.azurewebsites.net/lib/magnific-popup/jquery.magnific-popup.js]
[hari.azurewebsites.net/lib/mixitup/jquery.mixitup.js]
[hari.azurewebsites.net/lib/owl-carousel/owl.carousel.min.js]
[hari.azurewebsites.net/js/scripts.js]
[maxcdn.bootstrapcdn.com/bootstrap/3.3.2/css/bootstrap.min.css]
[maxcdn.bootstrapcdn.com/font-awesome/4.2.0/css/font-awesome.min.css]
[hari.azurewebsites.net/img/svg-loaders/puff.svg]
[hari.azurewebsites.net/img/img-1-large.jpg]
[hari.azurewebsites.net/img/img-4-large.jpg]
[hari.azurewebsites.net/img/icons/services-icon.svg]
[hari.azurewebsites.net/img/icons/ninja.svg]
[hari.azurewebsites.net/img/icons/smile.svg]
[hari.azurewebsites.net/img/icons/mail-icon.svg]
[maxcdn.bootstrapcdn.com/bootstrap/3.3.2/css/bootstrap.min.css]
[hari.azurewebsites.net/img/portfolio/posterpista.png]
[hari.azurewebsites.net/img/img-3-large.jpg]
[hari.azurewebsites.net/img/icons/grad-cap.svg]
[hari.azurewebsites.net/img/img-4-large.jpg]
